Archive member included to satisfy reference by file (symbol)

d:/clion/tools/gcc-arm-none-eabi-10.3-2021.10-win32/gcc-arm-none-eabi-10.3-2021.10/bin/../lib/gcc/arm-none-eabi/10.3.1/thumb/v7-m/nofp\libgcc.a(_arm_mulsf3.o)
                              CMakeFiles/CCD_Car.elf.dir/Src/CCD.c.obj (__aeabi_fmul)
d:/clion/tools/gcc-arm-none-eabi-10.3-2021.10-win32/gcc-arm-none-eabi-10.3-2021.10/bin/../lib/gcc/arm-none-eabi/10.3.1/thumb/v7-m/nofp\libgcc.a(_arm_addsubsf3.o)
                              CMakeFiles/CCD_Car.elf.dir/Src/PID.c.obj (__aeabi_fsub)
d:/clion/tools/gcc-arm-none-eabi-10.3-2021.10-win32/gcc-arm-none-eabi-10.3-2021.10/bin/../lib/gcc/arm-none-eabi/10.3.1/thumb/v7-m/nofp\libgcc.a(_arm_cmpsf2.o)
                              CMakeFiles/CCD_Car.elf.dir/Src/tim.c.obj (__aeabi_fcmplt)
d:/clion/tools/gcc-arm-none-eabi-10.3-2021.10-win32/gcc-arm-none-eabi-10.3-2021.10/bin/../lib/gcc/arm-none-eabi/10.3.1/thumb/v7-m/nofp\libgcc.a(_arm_fixunssfsi.o)
                              CMakeFiles/CCD_Car.elf.dir/Src/CCD.c.obj (__aeabi_f2uiz)
d:/clion/tools/gcc-arm-none-eabi-10.3-2021.10-win32/gcc-arm-none-eabi-10.3-2021.10/bin/../lib/gcc/arm-none-eabi/10.3.1/../../../../arm-none-eabi/lib/thumb/v7-m/nofp\libc.a(lib_a-errno.o)
                              CMakeFiles/CCD_Car.elf.dir/Src/syscalls.c.obj (__errno)
d:/clion/tools/gcc-arm-none-eabi-10.3-2021.10-win32/gcc-arm-none-eabi-10.3-2021.10/bin/../lib/gcc/arm-none-eabi/10.3.1/../../../../arm-none-eabi/lib/thumb/v7-m/nofp\libc.a(lib_a-exit.o)
                              d:/clion/tools/gcc-arm-none-eabi-10.3-2021.10-win32/gcc-arm-none-eabi-10.3-2021.10/bin/../lib/gcc/arm-none-eabi/10.3.1/../../../../arm-none-eabi/lib/thumb/v7-m/nofp/crt0.o (exit)
d:/clion/tools/gcc-arm-none-eabi-10.3-2021.10-win32/gcc-arm-none-eabi-10.3-2021.10/bin/../lib/gcc/arm-none-eabi/10.3.1/../../../../arm-none-eabi/lib/thumb/v7-m/nofp\libc.a(lib_a-impure.o)
                              d:/clion/tools/gcc-arm-none-eabi-10.3-2021.10-win32/gcc-arm-none-eabi-10.3-2021.10/bin/../lib/gcc/arm-none-eabi/10.3.1/../../../../arm-none-eabi/lib/thumb/v7-m/nofp\libc.a(lib_a-exit.o) (_global_impure_ptr)
d:/clion/tools/gcc-arm-none-eabi-10.3-2021.10-win32/gcc-arm-none-eabi-10.3-2021.10/bin/../lib/gcc/arm-none-eabi/10.3.1/../../../../arm-none-eabi/lib/thumb/v7-m/nofp\libc.a(lib_a-init.o)
                              d:/clion/tools/gcc-arm-none-eabi-10.3-2021.10-win32/gcc-arm-none-eabi-10.3-2021.10/bin/../lib/gcc/arm-none-eabi/10.3.1/../../../../arm-none-eabi/lib/thumb/v7-m/nofp/crt0.o (__libc_init_array)
d:/clion/tools/gcc-arm-none-eabi-10.3-2021.10-win32/gcc-arm-none-eabi-10.3-2021.10/bin/../lib/gcc/arm-none-eabi/10.3.1/../../../../arm-none-eabi/lib/thumb/v7-m/nofp\libc.a(lib_a-memset.o)
                              d:/clion/tools/gcc-arm-none-eabi-10.3-2021.10-win32/gcc-arm-none-eabi-10.3-2021.10/bin/../lib/gcc/arm-none-eabi/10.3.1/../../../../arm-none-eabi/lib/thumb/v7-m/nofp/crt0.o (memset)
d:/clion/tools/gcc-arm-none-eabi-10.3-2021.10-win32/gcc-arm-none-eabi-10.3-2021.10/bin/../lib/gcc/arm-none-eabi/10.3.1/../../../../arm-none-eabi/lib/thumb/v7-m/nofp\libc.a(lib_a-printf.o)
                              CMakeFiles/CCD_Car.elf.dir/Src/CCD.c.obj (printf)
d:/clion/tools/gcc-arm-none-eabi-10.3-2021.10-win32/gcc-arm-none-eabi-10.3-2021.10/bin/../lib/gcc/arm-none-eabi/10.3.1/../../../../arm-none-eabi/lib/thumb/v7-m/nofp\libc.a(lib_a-putchar.o)
                              CMakeFiles/CCD_Car.elf.dir/Src/CCD.c.obj (putchar)
d:/clion/tools/gcc-arm-none-eabi-10.3-2021.10-win32/gcc-arm-none-eabi-10.3-2021.10/bin/../lib/gcc/arm-none-eabi/10.3.1/../../../../arm-none-eabi/lib/thumb/v7-m/nofp\libc.a(lib_a-vfprintf.o)
                              d:/clion/tools/gcc-arm-none-eabi-10.3-2021.10-win32/gcc-arm-none-eabi-10.3-2021.10/bin/../lib/gcc/arm-none-eabi/10.3.1/../../../../arm-none-eabi/lib/thumb/v7-m/nofp\libc.a(lib_a-printf.o) (_vfprintf_r)
d:/clion/tools/gcc-arm-none-eabi-10.3-2021.10-win32/gcc-arm-none-eabi-10.3-2021.10/bin/../lib/gcc/arm-none-eabi/10.3.1/../../../../arm-none-eabi/lib/thumb/v7-m/nofp\libc.a(lib_a-wsetup.o)
                              d:/clion/tools/gcc-arm-none-eabi-10.3-2021.10-win32/gcc-arm-none-eabi-10.3-2021.10/bin/../lib/gcc/arm-none-eabi/10.3.1/../../../../arm-none-eabi/lib/thumb/v7-m/nofp\libc.a(lib_a-vfprintf.o) (__swsetup_r)
d:/clion/tools/gcc-arm-none-eabi-10.3-2021.10-win32/gcc-arm-none-eabi-10.3-2021.10/bin/../lib/gcc/arm-none-eabi/10.3.1/../../../../arm-none-eabi/lib/thumb/v7-m/nofp\libc.a(lib_a-__call_atexit.o)
                              d:/clion/tools/gcc-arm-none-eabi-10.3-2021.10-win32/gcc-arm-none-eabi-10.3-2021.10/bin/../lib/gcc/arm-none-eabi/10.3.1/../../../../arm-none-eabi/lib/thumb/v7-m/nofp\libc.a(lib_a-exit.o) (__call_exitprocs)
d:/clion/tools/gcc-arm-none-eabi-10.3-2021.10-win32/gcc-arm-none-eabi-10.3-2021.10/bin/../lib/gcc/arm-none-eabi/10.3.1/../../../../arm-none-eabi/lib/thumb/v7-m/nofp\libc.a(lib_a-atexit.o)
[...]
Memory Configuration

Name             Origin             Length             Attributes
RAM              0x20000000         0x00005000         xrw
FLASH            0x08000000         0x00020000         xr
*default*        0x00000000         0xffffffff

Linker script and memory map

LOAD d:/clion/tools/gcc-arm-none-eabi-10.3-2021.10-win32/gcc-arm-none-eabi-10.3-2021.10/bin/../lib/gcc/arm-none-eabi/10.3.1/thumb/v7-m/nofp/crti.o
LOAD d:/clion/tools/gcc-arm-none-eabi-10.3-2021.10-win32/gcc-arm-none-eabi-10.3-2021.10/bin/../lib/gcc/arm-none-eabi/10.3.1/thumb/v7-m/nofp/crtbegin.o
LOAD d:/clion/tools/gcc-arm-none-eabi-10.3-2021.10-win32/gcc-arm-none-eabi-10.3-2021.10/bin/../lib/gcc/arm-none-eabi/10.3.1/../../../../arm-none-eabi/lib/thumb/v7-m/nofp/crt0.o
LOAD CMakeFiles/CCD_Car.elf.dir/Drivers/STM32F1xx_HAL_Driver/Src/stm32f1xx_hal.c.obj
LOAD CMakeFiles/CCD_Car.elf.dir/Drivers/STM32F1xx_HAL_Driver/Src/stm32f1xx_hal_adc.c.obj
LOAD CMakeFiles/CCD_Car.elf.dir/Drivers/STM32F1xx_HAL_Driver/Src/stm32f1xx_hal_adc_ex.c.obj
LOAD CMakeFiles/CCD_Car.elf.dir/Drivers/STM32F1xx_HAL_Driver/Src/stm32f1xx_hal_cortex.c.obj
LOAD CMakeFiles/CCD_Car.elf.dir/Drivers/STM32F1xx_HAL_Driver/Src/stm32f1xx_hal_dma.c.obj
LOAD CMakeFiles/CCD_Car.elf.dir/Drivers/STM32F1xx_HAL_Driver/Src/stm32f1xx_hal_exti.c.obj
LOAD CMakeFiles/CCD_Car.elf.dir/Drivers/STM32F1xx_HAL_Driver/Src/stm32f1xx_hal_flash.c.obj
LOAD CMakeFiles/CCD_Car.elf.dir/Drivers/STM32F1xx_HAL_Driver/Src/stm32f1xx_hal_flash_ex.c.obj
LOAD CMakeFiles/CCD_Car.elf.dir/Drivers/STM32F1xx_HAL_Driver/Src/stm32f1xx_hal_gpio.c.obj
LOAD CMakeFiles/CCD_Car.elf.dir/Drivers/STM32F1xx_HAL_Driver/Src/stm32f1xx_hal_gpio_ex.c.obj
LOAD CMakeFiles/CCD_Car.elf.dir/Drivers/STM32F1xx_HAL_Driver/Src/stm32f1xx_hal_pwr.c.obj
LOAD CMakeFiles/CCD_Car.elf.dir/Drivers/STM32F1xx_HAL_Driver/Src/stm32f1xx_hal_rcc.c.obj
LOAD CMakeFiles/CCD_Car.elf.dir/Drivers/STM32F1xx_HAL_Driver/Src/stm32f1xx_hal_rcc_ex.c.obj
LOAD CMakeFiles/CCD_Car.elf.dir/Drivers/STM32F1xx_HAL_Driver/Src/stm32f1xx_hal_tim.c.obj
LOAD CMakeFiles/CCD_Car.elf.dir/Drivers/STM32F1xx_HAL_Driver/Src/stm32f1xx_hal_tim_ex.c.obj
LOAD CMakeFiles/CCD_Car.elf.dir/Drivers/STM32F1xx_HAL_Driver/Src/stm32f1xx_hal_uart.c.obj
LOAD CMakeFiles/CCD_Car.elf.dir/Src/CCD.c.obj
LOAD CMakeFiles/CCD_Car.elf.dir/Src/Motor.c.obj
LOAD CMakeFiles/CCD_Car.elf.dir/Src/PID.c.obj
LOAD CMakeFiles/CCD_Car.elf.dir/Src/adc.c.obj
LOAD CMakeFiles/CCD_Car.elf.dir/Src/control.c.obj
LOAD CMakeFiles/CCD_Car.elf.dir/Src/gpio.c.obj
LOAD CMakeFiles/CCD_Car.elf.dir/Src/main.c.obj
LOAD CMakeFiles/CCD_Car.elf.dir/Src/printf.c.obj
LOAD CMakeFiles/CCD_Car.elf.dir/Src/stm32f1xx_hal_msp.c.obj
LOAD CMakeFiles/CCD_Car.elf.dir/Src/stm32f1xx_it.c.obj
LOAD CMakeFiles/CCD_Car.elf.dir/Src/syscalls.c.obj
LOAD CMakeFiles/CCD_Car.elf.dir/Src/sysmem.c.obj
LOAD CMakeFiles/CCD_Car.elf.dir/Src/system_stm32f1xx.c.obj
LOAD CMakeFiles/CCD_Car.elf.dir/Src/tim.c.obj
LOAD CMakeFiles/CCD_Car.elf.dir/Src/usart.c.obj
LOAD CMakeFiles/CCD_Car.elf.dir/Startup/startup_stm32f103c8tx.s.obj
START GROUP
LOAD d:/clion/tools/gcc-arm-none-eabi-10.3-2021.10-win32/gcc-arm-none-eabi-10.3-2021.10/bin/../lib/gcc/arm-none-eabi/10.3.1/thumb/v7-m/nofp\libgcc.a
LOAD d:/clion/tools/gcc-arm-none-eabi-10.3-2021.10-win32/gcc-arm-none-eabi-10.3-2021.10/bin/../lib/gcc/arm-none-eabi/10.3.1/../../../../arm-none-eabi/lib/thumb/v7-m/nofp\libc.a
END GROUP
LOAD d:/clion/tools/gcc-arm-none-eabi-10.3-2021.10-win32/gcc-arm-none-eabi-10.3-2021.10/bin/../lib/gcc/arm-none-eabi/10.3.1/thumb/v7-m/nofp/crtend.o
LOAD d:/clion/tools/gcc-arm-none-eabi-10.3-2021.10-win32/gcc-arm-none-eabi-10.3-2021.10/bin/../lib/gcc/arm-none-eabi/10.3.1/thumb/v7-m/nofp/crtn.o
                0x20005000                _estack = (ORIGIN (RAM) + LENGTH (RAM))
                0x00000200                _Min_Heap_Size = 0x200
                0x00000400                _Min_Stack_Size = 0x400

.isr_vector     0x08000000      0x10c
                0x08000000                . = ALIGN (0x4)
 *(.isr_vector)
 .isr_vector    0x08000000      0x10c CMakeFiles/CCD_Car.elf.dir/Startup/startup_stm32f103c8tx.s.obj
                0x08000000                g_pfnVectors
                0x0800010c                . = ALIGN (0x4)

.text           0x0800010c     0x2b20
                0x0800010c                . = ALIGN (0x4)
 *(.text)
 .text          0x0800010c       0x40 d:/clion/tools/gcc-arm-none-eabi-10.3-2021.10-win32/gcc-arm-none-eabi-10.3-2021.10/bin/../lib/gcc/arm-none-eabi/10.3.1/thumb/v7-m/nofp/crtbegin.o
 .text          0x0800014c      0x168 d:/clion/tools/gcc-arm-none-eabi-10.3-2021.10-win32/gcc-arm-none-eabi-10.3-2021.10/bin/../lib/gcc/arm-none-eabi/10.3.1/thumb/v7-m/nofp\libgcc.a(_arm_mulsf3.o)
                0x0800014c                __aeabi_fmul
                0x0800014c                __mulsf3
 .text          0x080002b4      0x21c d:/clion/tools/gcc-arm-none-eabi-10.3-2021.10-win32/gcc-arm-none-eabi-10.3-2021.10/bin/../lib/gcc/arm-none-eabi/10.3.1/thumb/v7-m/nofp\libgcc.a(_arm_addsubsf3.o)
                0x080002b4                __aeabi_frsub
                0x080002bc                __subsf3
                0x080002bc                __aeabi_fsub
                0x080002c0                __aeabi_fadd
                0x080002c0                __addsf3
                0x08000420                __aeabi_ui2f
                0x08000420                __floatunsisf
                0x08000428                __aeabi_i2f
                0x08000428                __floatsisf
                0x08000444                __aeabi_ul2f
                0x08000444                __floatundisf
                0x08000454                __aeabi_l2f
                0x08000454                __floatdisf
 .text          0x080004d0       0xec d:/clion/tools/gcc-arm-none-eabi-10.3-2021.10-win32/gcc-arm-none-eabi-10.3-2021.10/bin/../lib/gcc/arm-none-eabi/10.3.1/thumb/v7-m/nofp\libgcc.a(_arm_cmpsf2.o)
                0x080004d0                __gesf2
                0x080004d0                __gtsf2
                0x080004d8                __lesf2
                0x080004d8                __ltsf2
                0x080004e0                __nesf2
                0x080004e0                __eqsf2
                0x080004e0                __cmpsf2
                0x08000540                __aeabi_cfrcmple
                0x08000548                __aeabi_cfcmpeq
                0x08000548                __aeabi_cfcmple
                0x08000558                __aeabi_fcmpeq
                0x0800056c                __aeabi_fcmplt
                0x08000580                __aeabi_fcmple
                0x08000594                __aeabi_fcmpge
                0x080005a8                __aeabi_fcmpgt
 .text          0x080005bc       0x40 d:/clion/tools/gcc-arm-none-eabi-10.3-2021.10-win32/gcc-arm-none-eabi-10.3-2021.10/bin/../lib/gcc/arm-none-eabi/10.3.1/thumb/v7-m/nofp\libgcc.a(_arm_fixunssfsi.o)
                0x080005bc                __fixunssfsi
                0x080005bc                __aeabi_f2uiz
 *(.text*)
 .text.HAL_InitTick
                0x080005fc       0x48 CMakeFiles/CCD_Car.elf.dir/Drivers/STM32F1xx_HAL_Driver/Src/stm32f1xx_hal.c.obj
                0x080005fc                HAL_InitTick
 .text.HAL_Init
                0x08000644       0x24 CMakeFiles/CCD_Car.elf.dir/Drivers/STM32F1xx_HAL_Driver/Src/stm32f1xx_hal.c.obj
                0x08000644                HAL_Init
 .text.HAL_IncTick
                0x08000668       0x18 CMakeFiles/CCD_Car.elf.dir/Drivers/STM32F1xx_HAL_Driver/Src/stm32f1xx_hal.c.obj
                0x08000668                HAL_IncTick
 .text.HAL_GetTick
                0x08000680        0xc CMakeFiles/CCD_Car.elf.dir/Drivers/STM32F1xx_HAL_Driver/Src/stm32f1xx_hal.c.obj
                0x08000680                HAL_GetTick
 .text.HAL_ADC_Init
                0x0800068c      0x17c CMakeFiles/CCD_Car.elf.dir/Drivers/STM32F1xx_HAL_Driver/Src/stm32f1xx_hal_adc.c.obj
                0x0800068c                HAL_ADC_Init
 .text.HAL_ADC_PollForConversion
                0x08000808      0x19c CMakeFiles/CCD_Car.elf.dir/Drivers/STM32F1xx_HAL_Driver/Src/stm32f1xx_hal_adc.c.obj
                0x08000808                HAL_ADC_PollForConversion
 .text.HAL_ADC_GetValue
                0x080009a4        0x8 CMakeFiles/CCD_Car.elf.dir/Drivers/STM32F1xx_HAL_Driver/Src/stm32f1xx_hal_adc.c.obj
                0x080009a4                HAL_ADC_GetValue
 .text.HAL_ADC_ConfigChannel
                0x080009ac      0x134 CMakeFiles/CCD_Car.elf.dir/Drivers/STM32F1xx_HAL_Driver/Src/stm32f1xx_hal_adc.c.obj
                0x080009ac                HAL_ADC_ConfigChannel
 .text.HAL_ADC_GetState
                0x08000ae0        0x4 CMakeFiles/CCD_Car.elf.dir/Drivers/STM32F1xx_HAL_Driver/Src/stm32f1xx_hal_adc.c.obj
                0x08000ae0                HAL_ADC_GetState
 .text.ADC_Enable
                0x08000ae4       0x88 CMakeFiles/CCD_Car.elf.dir/Drivers/STM32F1xx_HAL_Driver/Src/stm32f1xx_hal_adc.c.obj
                0x08000ae4                ADC_Enable
 .text.HAL_ADC_Start
                0x08000b6c       0xcc CMakeFiles/CCD_Car.elf.dir/Drivers/STM32F1xx_HAL_Driver/Src/stm32f1xx_hal_adc.c.obj
                0x08000b6c                HAL_ADC_Start
 .text.HAL_NVIC_SetPriorityGrouping
                0x08000c38       0x24 CMakeFiles/CCD_Car.elf.dir/Drivers/STM32F1xx_HAL_Driver/Src/stm32f1xx_hal_cortex.c.obj
                0x08000c38                HAL_NVIC_SetPriorityGrouping
 .text.HAL_NVIC_SetPriority
                0x08000c5c       0x7c CMakeFiles/CCD_Car.elf.dir/Drivers/STM32F1xx_HAL_Driver/Src/stm32f1xx_hal_cortex.c.obj
                0x08000c5c                HAL_NVIC_SetPriority
 .text.HAL_NVIC_EnableIRQ
                0x08000cd8       0x1c CMakeFiles/CCD_Car.elf.dir/Drivers/STM32F1xx_HAL_Driver/Src/stm32f1xx_hal_cortex.c.obj
                0x08000cd8                HAL_NVIC_EnableIRQ
 .text.HAL_SYSTICK_Config
                0x08000cf4       0x30 CMakeFiles/CCD_Car.elf.dir/Drivers/STM32F1xx_HAL_Driver/Src/stm32f1xx_hal_cortex.c.obj
                0x08000cf4                HAL_SYSTICK_Config
 .text.HAL_GPIO_Init
                0x08000d24      0x21c CMakeFiles/CCD_Car.elf.dir/Drivers/STM32F1xx_HAL_Driver/Src/stm32f1xx_hal_gpio.c.obj
                0x08000d24                HAL_GPIO_Init
 .text.HAL_GPIO_WritePin
                0x08000f40        0x8 CMakeFiles/CCD_Car.elf.dir/Drivers/STM32F1xx_HAL_Driver/Src/stm32f1xx_hal_gpio.c.obj
                0x08000f40                HAL_GPIO_WritePin
 .text.HAL_RCC_OscConfig
                0x08000f48      0x3e0 CMakeFiles/CCD_Car.elf.dir/Drivers/STM32F1xx_HAL_Driver/Src/stm32f1xx_hal_rcc.c.obj
                0x08000f48                HAL_RCC_OscConfig
 .text.HAL_RCC_ClockConfig
                0x08001328      0x184 CMakeFiles/CCD_Car.elf.dir/Drivers/STM32F1xx_HAL_Driver/Src/stm32f1xx_hal_rcc.c.obj
                0x08001328                HAL_RCC_ClockConfig
 .text.HAL_RCC_GetPCLK1Freq
                0x080014ac       0x20 CMakeFiles/CCD_Car.elf.dir/Drivers/STM32F1xx_HAL_Driver/Src/stm32f1xx_hal_rcc.c.obj
                0x080014ac                HAL_RCC_GetPCLK1Freq
 .text.HAL_RCC_GetPCLK2Freq
                0x080014cc       0x20 CMakeFiles/CCD_Car.elf.dir/Drivers/STM32F1xx_HAL_Driver/Src/stm32f1xx_hal_rcc.c.obj
                0x080014cc                HAL_RCC_GetPCLK2Freq
 .text.HAL_RCCEx_PeriphCLKConfig
                0x080014ec      0x104 CMakeFiles/CCD_Car.elf.dir/Drivers/STM32F1xx_HAL_Driver/Src/stm32f1xx_hal_rcc_ex.c.obj
                0x080014ec                HAL_RCCEx_PeriphCLKConfig
 .text.HAL_RCCEx_GetPeriphCLKFreq
                0x080015f0       0xd0 CMakeFiles/CCD_Car.elf.dir/Drivers/STM32F1xx_HAL_Driver/Src/stm32f1xx_hal_rcc_ex.c.obj
                0x080015f0                HAL_RCCEx_GetPeriphCLKFreq
 .text.HAL_TIM_Base_Init
                0x080016c0       0xdc CMakeFiles/CCD_Car.elf.dir/Drivers/STM32F1xx_HAL_Driver/Src/stm32f1xx_hal_tim.c.obj
                0x080016c0                HAL_TIM_Base_Init
 .text.HAL_TIM_Base_Start_IT
                0x0800179c       0x58 CMakeFiles/CCD_Car.elf.dir/Drivers/STM32F1xx_HAL_Driver/Src/stm32f1xx_hal_tim.c.obj
                0x0800179c                HAL_TIM_Base_Start_IT
 .text.HAL_TIM_PWM_MspInit
                0x080017f4        0x4 CMakeFiles/CCD_Car.elf.dir/Drivers/STM32F1xx_HAL_Driver/Src/stm32f1xx_hal_tim.c.obj
                0x080017f4                HAL_TIM_PWM_MspInit
 .text.HAL_TIM_PWM_Init
                0x080017f8       0xdc CMakeFiles/CCD_Car.elf.dir/Drivers/STM32F1xx_HAL_Driver/Src/stm32f1xx_hal_tim.c.obj
                0x080017f8                HAL_TIM_PWM_Init
 .text.HAL_TIM_PWM_Start
                0x080018d4       0xb8 CMakeFiles/CCD_Car.elf.dir/Drivers/STM32F1xx_HAL_Driver/Src/stm32f1xx_hal_tim.c.obj
                0x080018d4                HAL_TIM_PWM_Start
 .text.HAL_TIM_PWM_ConfigChannel
                0x0800198c      0x200 CMakeFiles/CCD_Car.elf.dir/Drivers/STM32F1xx_HAL_Driver/Src/stm32f1xx_hal_tim.c.obj
                0x0800198c                HAL_TIM_PWM_ConfigChannel
 .text.HAL_TIM_ConfigClockSource
                0x08001b8c      0x160 CMakeFiles/CCD_Car.elf.dir/Drivers/STM32F1xx_HAL_Driver/Src/stm32f1xx_hal_tim.c.obj
                0x08001b8c                HAL_TIM_ConfigClockSource
 .text.HAL_TIM_OC_DelayElapsedCallback
                0x08001cec        0x4 CMakeFiles/CCD_Car.elf.dir/Drivers/STM32F1xx_HAL_Driver/Src/stm32f1xx_hal_tim.c.obj
                0x08001cec                HAL_TIM_OC_DelayElapsedCallback
 .text.HAL_TIM_IC_CaptureCallback
                0x08001cf0        0x4 CMakeFiles/CCD_Car.elf.dir/Drivers/STM32F1xx_HAL_Driver/Src/stm32f1xx_hal_tim.c.obj
                0x08001cf0                HAL_TIM_IC_CaptureCallback
 .text.HAL_TIM_PWM_PulseFinishedCallback
                0x08001cf4        0x4 CMakeFiles/CCD_Car.elf.dir/Drivers/STM32F1xx_HAL_Driver/Src/stm32f1xx_hal_tim.c.obj
                0x08001cf4                HAL_TIM_PWM_PulseFinishedCallback
 .text.HAL_TIM_TriggerCallback
                0x08001cf8        0x4 CMakeFiles/CCD_Car.elf.dir/Drivers/STM32F1xx_HAL_Driver/Src/stm32f1xx_hal_tim.c.obj
                0x08001cf8                HAL_TIM_TriggerCallback
 .text.HAL_TIM_IRQHandler
                0x08001cfc      0x154 CMakeFiles/CCD_Car.elf.dir/Drivers/STM32F1xx_HAL_Driver/Src/stm32f1xx_hal_tim.c.obj
                0x08001cfc                HAL_TIM_IRQHandler
 .text.HAL_TIMEx_MasterConfigSynchronization
                0x08001e50       0x64 CMakeFiles/CCD_Car.elf.dir/Drivers/STM32F1xx_HAL_Driver/Src/stm32f1xx_hal_tim_ex.c.obj
                0x08001e50                HAL_TIMEx_MasterConfigSynchronization
 .text.HAL_TIMEx_CommutCallback
                0x08001eb4        0x4 CMakeFiles/CCD_Car.elf.dir/Drivers/STM32F1xx_HAL_Driver/Src/stm32f1xx_hal_tim_ex.c.obj
                0x08001eb4                HAL_TIMEx_CommutCallback
 .text.HAL_TIMEx_BreakCallback
                0x08001eb8        0x4 CMakeFiles/CCD_Car.elf.dir/Drivers/STM32F1xx_HAL_Driver/Src/stm32f1xx_hal_tim_ex.c.obj
                0x08001eb8                HAL_TIMEx_BreakCallback
 .text.HAL_UART_Init
                0x08001ebc       0xdc CMakeFiles/CCD_Car.elf.dir/Drivers/STM32F1xx_HAL_Driver/Src/stm32f1xx_hal_uart.c.obj
                0x08001ebc                HAL_UART_Init
 .text.HAL_UART_Transmit
                0x08001f98      0x144 CMakeFiles/CCD_Car.elf.dir/Drivers/STM32F1xx_HAL_Driver/Src/stm32f1xx_hal_uart.c.obj
                0x08001f98                HAL_UART_Transmit
 .text.Get_CCD_Value
                0x080020dc       0xe4 CMakeFiles/CCD_Car.elf.dir/Src/CCD.c.obj
                0x080020dc                Get_CCD_Value
 .text.Find_CCD_DATA
                0x080021c0      0x124 CMakeFiles/CCD_Car.elf.dir/Src/CCD.c.obj
                0x080021c0                Find_CCD_DATA
 .text.Zx_MotorRunS
                0x080022e4       0x6c CMakeFiles/CCD_Car.elf.dir/Src/Motor.c.obj
                0x080022e4                Zx_MotorRunS
 .text.Zx_MotorRunN
                0x08002350       0x6c CMakeFiles/CCD_Car.elf.dir/Src/Motor.c.obj
                0x08002350                Zx_MotorRunN
 .text.PID_Init
                0x080023bc       0x28 CMakeFiles/CCD_Car.elf.dir/Src/PID.c.obj
                0x080023bc                PID_Init
 .text.PID_Proc
                0x080023e4       0x78 CMakeFiles/CCD_Car.elf.dir/Src/PID.c.obj
                0x080023e4                PID_Proc
 .text.MX_ADC1_Init
                0x0800245c       0x5c CMakeFiles/CCD_Car.elf.dir/Src/adc.c.obj
                0x0800245c                MX_ADC1_Init
 .text.HAL_ADC_MspInit
                0x080024b8       0x64 CMakeFiles/CCD_Car.elf.dir/Src/adc.c.obj
                0x080024b8                HAL_ADC_MspInit
 .text.MX_GPIO_Init
                0x0800251c       0x64 CMakeFiles/CCD_Car.elf.dir/Src/gpio.c.obj
                0x0800251c                MX_GPIO_Init
 .text.SystemClock_Config
                0x08002580       0x84 CMakeFiles/CCD_Car.elf.dir/Src/main.c.obj
                0x08002580                SystemClock_Config
 .text.startup.main
                0x08002604       0x74 CMakeFiles/CCD_Car.elf.dir/Src/main.c.obj
                0x08002604                main
 .text.Error_Handler
                0x08002678        0x4 CMakeFiles/CCD_Car.elf.dir/Src/main.c.obj
                0x08002678                Error_Handler
 .text.HAL_MspInit
                0x0800267c       0x44 CMakeFiles/CCD_Car.elf.dir/Src/stm32f1xx_hal_msp.c.obj
                0x0800267c                HAL_MspInit
 .text.NMI_Handler
                0x080026c0        0x4 CMakeFiles/CCD_Car.elf.dir/Src/stm32f1xx_it.c.obj
                0x080026c0                NMI_Handler
 .text.HardFault_Handler
                0x080026c4        0x4 CMakeFiles/CCD_Car.elf.dir/Src/stm32f1xx_it.c.obj
                0x080026c4                HardFault_Handler
 .text.MemManage_Handler
                0x080026c8        0x4 CMakeFiles/CCD_Car.elf.dir/Src/stm32f1xx_it.c.obj
                0x080026c8                MemManage_Handler
 .text.BusFault_Handler
                0x080026cc        0x4 CMakeFiles/CCD_Car.elf.dir/Src/stm32f1xx_it.c.obj
                0x080026cc                BusFault_Handler
 .text.UsageFault_Handler
                0x080026d0        0x4 CMakeFiles/CCD_Car.elf.dir/Src/stm32f1xx_it.c.obj
                0x080026d0                UsageFault_Handler
 .text.SVC_Handler
                0x080026d4        0x4 CMakeFiles/CCD_Car.elf.dir/Src/stm32f1xx_it.c.obj
                0x080026d4                SVC_Handler
 .text.DebugMon_Handler
                0x080026d8        0x4 CMakeFiles/CCD_Car.elf.dir/Src/stm32f1xx_it.c.obj
                0x080026d8                DebugMon_Handler
 .text.PendSV_Handler
                0x080026dc        0x4 CMakeFiles/CCD_Car.elf.dir/Src/stm32f1xx_it.c.obj
                0x080026dc                PendSV_Handler
 .text.SysTick_Handler
                0x080026e0        0x4 CMakeFiles/CCD_Car.elf.dir/Src/stm32f1xx_it.c.obj
                0x080026e0                SysTick_Handler
 .text.TIM4_IRQHandler
                0x080026e4        0xc CMakeFiles/CCD_Car.elf.dir/Src/stm32f1xx_it.c.obj
                0x080026e4                TIM4_IRQHandler
 .text.SystemInit
                0x080026f0        0x4 CMakeFiles/CCD_Car.elf.dir/Src/system_stm32f1xx.c.obj
                0x080026f0                SystemInit
 .text.MX_TIM3_Init
                0x080026f4       0xf8 CMakeFiles/CCD_Car.elf.dir/Src/tim.c.obj
                0x080026f4                MX_TIM3_Init
 .text.MX_TIM4_Init
                0x080027ec       0x74 CMakeFiles/CCD_Car.elf.dir/Src/tim.c.obj
                0x080027ec                MX_TIM4_Init
 .text.HAL_TIM_Base_MspInit
                0x08002860       0x68 CMakeFiles/CCD_Car.elf.dir/Src/tim.c.obj
                0x08002860                HAL_TIM_Base_MspInit
 .text.HAL_TIM_PeriodElapsedCallback
                0x080028c8       0xa4 CMakeFiles/CCD_Car.elf.dir/Src/tim.c.obj
                0x080028c8                HAL_TIM_PeriodElapsedCallback
 .text.MX_USART1_UART_Init
                0x0800296c       0x38 CMakeFiles/CCD_Car.elf.dir/Src/usart.c.obj
                0x0800296c                MX_USART1_UART_Init
 .text.MX_USART2_UART_Init
                0x080029a4       0x38 CMakeFiles/CCD_Car.elf.dir/Src/usart.c.obj
                0x080029a4                MX_USART2_UART_Init
 .text.HAL_UART_MspInit
                0x080029dc       0xc4 CMakeFiles/CCD_Car.elf.dir/Src/usart.c.obj
                0x080029dc                HAL_UART_MspInit
 .text.Reset_Handler
                0x08002aa0       0x48 CMakeFiles/CCD_Car.elf.dir/Startup/startup_stm32f103c8tx.s.obj
                0x08002aa0                Reset_Handler
 .text.Default_Handler
                0x08002ae8        0x2 CMakeFiles/CCD_Car.elf.dir/Startup/startup_stm32f103c8tx.s.obj
                0x08002ae8                RTC_Alarm_IRQHandler
                0x08002ae8                EXTI2_IRQHandler
                0x08002ae8                TIM1_CC_IRQHandler
                0x08002ae8                PVD_IRQHandler
                0x08002ae8                EXTI3_IRQHandler
                0x08002ae8                EXTI0_IRQHandler
                0x08002ae8                I2C2_EV_IRQHandler
                0x08002ae8                ADC1_2_IRQHandler
                0x08002ae8                SPI1_IRQHandler
                0x08002ae8                TAMPER_IRQHandler
                0x08002ae8                DMA1_Channel4_IRQHandler
                0x08002ae8                USART3_IRQHandler
                0x08002ae8                RTC_IRQHandler
                0x08002ae8                DMA1_Channel7_IRQHandler
                0x08002ae8                CAN1_RX1_IRQHandler
                0x08002ae8                I2C1_EV_IRQHandler
                0x08002ae8                DMA1_Channel6_IRQHandler
                0x08002ae8                TIM3_IRQHandler
                0x08002ae8                RCC_IRQHandler
                0x08002ae8                TIM1_TRG_COM_IRQHandler
                0x08002ae8                DMA1_Channel1_IRQHandler
                0x08002ae8                Default_Handler
                0x08002ae8                EXTI15_10_IRQHandler
                0x08002ae8                EXTI9_5_IRQHandler
                0x08002ae8                SPI2_IRQHandler
                0x08002ae8                DMA1_Channel5_IRQHandler
                0x08002ae8                EXTI4_IRQHandler
                0x08002ae8                USB_LP_CAN1_RX0_IRQHandler
                0x08002ae8                USB_HP_CAN1_TX_IRQHandler
                0x08002ae8                DMA1_Channel3_IRQHandler
                0x08002ae8                TIM1_UP_IRQHandler
                0x08002ae8                WWDG_IRQHandler
                0x08002ae8                TIM2_IRQHandler
                0x08002ae8                TIM1_BRK_IRQHandler
                0x08002ae8                EXTI1_IRQHandler
                0x08002ae8                USART2_IRQHandler
                0x08002ae8                I2C2_ER_IRQHandler
                0x08002ae8                DMA1_Channel2_IRQHandler
                0x08002ae8                CAN1_SCE_IRQHandler
                0x08002ae8                FLASH_IRQHandler
                0x08002ae8                USART1_IRQHandler
                0x08002ae8                I2C1_ER_IRQHandler
                0x08002ae8                USBWakeUp_IRQHandler
 *fill*         0x08002aea        0x2 
 .text.__libc_init_array
                0x08002aec       0x48 d:/clion/tools/gcc-arm-none-eabi-10.3-2021.10-win32/gcc-arm-none-eabi-10.3-2021.10/bin/../lib/gcc/arm-none-eabi/10.3.1/../../../../arm-none-eabi/lib/thumb/v7-m/nofp\libc.a(lib_a-init.o)
                0x08002aec                __libc_init_array
 .text.startup.register_fini
                0x08002b34       0x14 d:/clion/tools/gcc-arm-none-eabi-10.3-2021.10-win32/gcc-arm-none-eabi-10.3-2021.10/bin/../lib/gcc/arm-none-eabi/10.3.1/../../../../arm-none-eabi/lib/thumb/v7-m/nofp\libc.a(lib_a-__call_atexit.o)
 .text.atexit   0x08002b48        0xc d:/clion/tools/gcc-arm-none-eabi-10.3-2021.10-win32/gcc-arm-none-eabi-10.3-2021.10/bin/../lib/gcc/arm-none-eabi/10.3.1/../../../../arm-none-eabi/lib/thumb/v7-m/nofp\libc.a(lib_a-atexit.o)
                0x08002b48                atexit
 .text.__libc_fini_array
                0x08002b54       0x2c d:/clion/tools/gcc-arm-none-eabi-10.3-2021.10-win32/gcc-arm-none-eabi-10.3-2021.10/bin/../lib/gcc/arm-none-eabi/10.3.1/../../../../arm-none-eabi/lib/thumb/v7-m/nofp\libc.a(lib_a-fini.o)
                0x08002b54                __libc_fini_array
 .text.__retarget_lock_acquire_recursive
                0x08002b80        0x4 d:/clion/tools/gcc-arm-none-eabi-10.3-2021.10-win32/gcc-arm-none-eabi-10.3-2021.10/bin/../lib/gcc/arm-none-eabi/10.3.1/../../../../arm-none-eabi/lib/thumb/v7-m/nofp\libc.a(lib_a-lock.o)
                0x08002b80                __retarget_lock_acquire_recursive
 .text.__retarget_lock_release_recursive
                0x08002b84        0x4 d:/clion/tools/gcc-arm-none-eabi-10.3-2021.10-win32/gcc-arm-none-eabi-10.3-2021.10/bin/../lib/gcc/arm-none-eabi/10.3.1/../../../../arm-none-eabi/lib/thumb/v7-m/nofp\libc.a(lib_a-lock.o)
                0x08002b84                __retarget_lock_release_recursive
 .text.__register_exitproc
                0x08002b88       0x8c d:/clion/tools/gcc-arm-none-eabi-10.3-2021.10-win32/gcc-arm-none-eabi-10.3-2021.10/bin/../lib/gcc/arm-none-eabi/10.3.1/../../../../arm-none-eabi/lib/thumb/v7-m/nofp\libc.a(lib_a-__atexit.o)
                0x08002b88                __register_exitproc
 *(.glue_7)
 .glue_7        0x08002c14        0x0 linker stubs
 *(.glue_7t)
 .glue_7t       0x08002c14        0x0 linker stubs
 *(.eh_frame)
 .eh_frame      0x08002c14        0x0 d:/clion/tools/gcc-arm-none-eabi-10.3-2021.10-win32/gcc-arm-none-eabi-10.3-2021.10/bin/../lib/gcc/arm-none-eabi/10.3.1/thumb/v7-m/nofp/crtbegin.o
 *(.init)
 .init          0x08002c14        0x4 d:/clion/tools/gcc-arm-none-eabi-10.3-2021.10-win32/gcc-arm-none-eabi-10.3-2021.10/bin/../lib/gcc/arm-none-eabi/10.3.1/thumb/v7-m/nofp/crti.o
                0x08002c14                _init
 .init          0x08002c18        0x8 d:/clion/tools/gcc-arm-none-eabi-10.3-2021.10-win32/gcc-arm-none-eabi-10.3-2021.10/bin/../lib/gcc/arm-none-eabi/10.3.1/thumb/v7-m/nofp/crtn.o
 *(.fini)
 .fini          0x08002c20        0x4 d:/clion/tools/gcc-arm-none-eabi-10.3-2021.10-win32/gcc-arm-none-eabi-10.3-2021.10/bin/../lib/gcc/arm-none-eabi/10.3.1/thumb/v7-m/nofp/crti.o
                0x08002c20                _fini
 .fini          0x08002c24        0x8 d:/clion/tools/gcc-arm-none-eabi-10.3-2021.10-win32/gcc-arm-none-eabi-10.3-2021.10/bin/../lib/gcc/arm-none-eabi/10.3.1/thumb/v7-m/nofp/crtn.o
                0x08002c2c                . = ALIGN (0x4)
                0x08002c2c                _etext = .

.vfp11_veneer   0x08002c2c        0x0
 .vfp11_veneer  0x08002c2c        0x0 linker stubs

.v4_bx          0x08002c2c        0x0
 .v4_bx         0x08002c2c        0x0 linker stubs

.iplt           0x08002c2c        0x0
 .iplt          0x08002c2c        0x0 d:/clion/tools/gcc-arm-none-eabi-10.3-2021.10-win32/gcc-arm-none-eabi-10.3-2021.10/bin/../lib/gcc/arm-none-eabi/10.3.1/thumb/v7-m/nofp/crtbegin.o

.rodata         0x08002c2c       0x44
                0x08002c2c                . = ALIGN (0x4)
 *(.rodata)
 *(.rodata*)
 .rodata.aPLLMULFactorTable.1
                0x08002c2c       0x10 CMakeFiles/CCD_Car.elf.dir/Drivers/STM32F1xx_HAL_Driver/Src/stm32f1xx_hal_rcc.c.obj
 .rodata.aPredivFactorTable.0
                0x08002c3c        0x2 CMakeFiles/CCD_Car.elf.dir/Drivers/STM32F1xx_HAL_Driver/Src/stm32f1xx_hal_rcc.c.obj
 *fill*         0x08002c3e        0x2 
 .rodata.aPLLMULFactorTable.1
                0x08002c40       0x10 CMakeFiles/CCD_Car.elf.dir/Drivers/STM32F1xx_HAL_Driver/Src/stm32f1xx_hal_rcc_ex.c.obj
 .rodata.aPredivFactorTable.0
                0x08002c50        0x2 CMakeFiles/CCD_Car.elf.dir/Drivers/STM32F1xx_HAL_Driver/Src/stm32f1xx_hal_rcc_ex.c.obj
 *fill*         0x08002c52        0x2 
 .rodata.AHBPrescTable
                0x08002c54       0x10 CMakeFiles/CCD_Car.elf.dir/Src/system_stm32f1xx.c.obj
                0x08002c54                AHBPrescTable
 .rodata.APBPrescTable
                0x08002c64        0x8 CMakeFiles/CCD_Car.elf.dir/Src/system_stm32f1xx.c.obj
                0x08002c64                APBPrescTable
 .rodata._global_impure_ptr
                0x08002c6c        0x4 d:/clion/tools/gcc-arm-none-eabi-10.3-2021.10-win32/gcc-arm-none-eabi-10.3-2021.10/bin/../lib/gcc/arm-none-eabi/10.3.1/../../../../arm-none-eabi/lib/thumb/v7-m/nofp\libc.a(lib_a-impure.o)
                0x08002c6c                _global_impure_ptr
                0x08002c70                . = ALIGN (0x4)

.rel.dyn        0x08002c70        0x0
 .rel.iplt      0x08002c70        0x0 d:/clion/tools/gcc-arm-none-eabi-10.3-2021.10-win32/gcc-arm-none-eabi-10.3-2021.10/bin/../lib/gcc/arm-none-eabi/10.3.1/thumb/v7-m/nofp/crtbegin.o

.ARM.extab      0x08002c70        0x0
                0x08002c70                . = ALIGN (0x4)
 *(.ARM.extab* .gnu.linkonce.armextab.*)
                0x08002c70                . = ALIGN (0x4)

.ARM            0x08002c70        0x0
                0x08002c70                . = ALIGN (0x4)
                0x08002c70                __exidx_start = .
 *(.ARM.exidx*)
                0x08002c70                __exidx_end = .
                0x08002c70                . = ALIGN (0x4)

.preinit_array  0x08002c70        0x0
                0x08002c70                . = ALIGN (0x4)
                0x08002c70                PROVIDE (__preinit_array_start = .)
 *(.preinit_array*)
                0x08002c70                PROVIDE (__preinit_array_end = .)
                0x08002c70                . = ALIGN (0x4)

.init_array     0x08002c70        0x8
                0x08002c70                . = ALIGN (0x4)
                0x08002c70                PROVIDE (__init_array_start = .)
 *(SORT_BY_NAME(.init_array.*))
 .init_array.00000
                0x08002c70        0x4 d:/clion/tools/gcc-arm-none-eabi-10.3-2021.10-win32/gcc-arm-none-eabi-10.3-2021.10/bin/../lib/gcc/arm-none-eabi/10.3.1/../../../../arm-none-eabi/lib/thumb/v7-m/nofp\libc.a(lib_a-__call_atexit.o)
 *(.init_array*)
 .init_array    0x08002c74        0x4 d:/clion/tools/gcc-arm-none-eabi-10.3-2021.10-win32/gcc-arm-none-eabi-10.3-2021.10/bin/../lib/gcc/arm-none-eabi/10.3.1/thumb/v7-m/nofp/crtbegin.o
                0x08002c78                PROVIDE (__init_array_end = .)
                0x08002c78                . = ALIGN (0x4)

.fini_array     0x08002c78        0x4
                0x08002c78                . = ALIGN (0x4)
                0x08002c78                PROVIDE (__fini_array_start = .)
 *(SORT_BY_NAME(.fini_array.*))
 *(.fini_array*)
 .fini_array    0x08002c78        0x4 d:/clion/tools/gcc-arm-none-eabi-10.3-2021.10-win32/gcc-arm-none-eabi-10.3-2021.10/bin/../lib/gcc/arm-none-eabi/10.3.1/thumb/v7-m/nofp/crtbegin.o
                0x08002c7c                PROVIDE (__fini_array_end = .)
                0x08002c7c                . = ALIGN (0x4)
                0x08002c7c                _sidata = LOADADDR (.data)

.data           0x20000000      0x43c load address 0x08002c7c
                0x20000000                . = ALIGN (0x4)
                0x20000000                _sdata = .
 *(.data)
 *(.data*)
 .data.uwTickFreq
                0x20000000        0x1 CMakeFiles/CCD_Car.elf.dir/Drivers/STM32F1xx_HAL_Driver/Src/stm32f1xx_hal.c.obj
                0x20000000                uwTickFreq
 *fill*         0x20000001        0x3 
 .data.uwTickPrio
                0x20000004        0x4 CMakeFiles/CCD_Car.elf.dir/Drivers/STM32F1xx_HAL_Driver/Src/stm32f1xx_hal.c.obj
                0x20000004                uwTickPrio
 .data.SystemCoreClock
                0x20000008        0x4 CMakeFiles/CCD_Car.elf.dir/Src/system_stm32f1xx.c.obj
                0x20000008                SystemCoreClock
 *fill*         0x2000000c        0x4 
 .data.impure_data
                0x20000010      0x428 d:/clion/tools/gcc-arm-none-eabi-10.3-2021.10-win32/gcc-arm-none-eabi-10.3-2021.10/bin/../lib/gcc/arm-none-eabi/10.3.1/../../../../arm-none-eabi/lib/thumb/v7-m/nofp\libc.a(lib_a-impure.o)
 .data.__atexit_recursive_mutex
                0x20000438        0x4 d:/clion/tools/gcc-arm-none-eabi-10.3-2021.10-win32/gcc-arm-none-eabi-10.3-2021.10/bin/../lib/gcc/arm-none-eabi/10.3.1/../../../../arm-none-eabi/lib/thumb/v7-m/nofp\libc.a(lib_a-__call_atexit.o)
                0x20000438                __atexit_recursive_mutex
 *(.RamFunc)
 *(.RamFunc*)
                0x2000043c                . = ALIGN (0x4)
                0x2000043c                _edata = .

.igot.plt       0x2000043c        0x0 load address 0x080030b8
 .igot.plt      0x2000043c        0x0 d:/clion/tools/gcc-arm-none-eabi-10.3-2021.10-win32/gcc-arm-none-eabi-10.3-2021.10/bin/../lib/gcc/arm-none-eabi/10.3.1/thumb/v7-m/nofp/crtbegin.o
                0x2000043c                . = ALIGN (0x4)

.bss            0x2000043c      0x2b4 load address 0x080030b8
                0x2000043c                _sbss = .
                0x2000043c                __bss_start__ = _sbss
 *(.bss)
 .bss           0x2000043c       0x1c d:/clion/tools/gcc-arm-none-eabi-10.3-2021.10-win32/gcc-arm-none-eabi-10.3-2021.10/bin/../lib/gcc/arm-none-eabi/10.3.1/thumb/v7-m/nofp/crtbegin.o
 *(.bss*)
 .bss.uwTick    0x20000458        0x4 CMakeFiles/CCD_Car.elf.dir/Drivers/STM32F1xx_HAL_Driver/Src/stm32f1xx_hal.c.obj
                0x20000458                uwTick
 .bss.CCD       0x2000045c        0x8 CMakeFiles/CCD_Car.elf.dir/Src/CCD.c.obj
                0x2000045c                CCD
 .bss.CCD_buff  0x20000464      0x100 CMakeFiles/CCD_Car.elf.dir/Src/CCD.c.obj
                0x20000464                CCD_buff
 .bss.NEW_ADC_VALUE.5
                0x20000564        0x4 CMakeFiles/CCD_Car.elf.dir/Src/CCD.c.obj
 .bss.i.3       0x20000568        0x1 CMakeFiles/CCD_Car.elf.dir/Src/CCD.c.obj
 .bss.j.1       0x20000569        0x1 CMakeFiles/CCD_Car.elf.dir/Src/CCD.c.obj
 .bss.value1_max.4
                0x2000056a        0x2 CMakeFiles/CCD_Car.elf.dir/Src/CCD.c.obj
 .bss.value1_min.2
                0x2000056c        0x2 CMakeFiles/CCD_Car.elf.dir/Src/CCD.c.obj
 *fill*         0x2000056e        0x2 
 .bss.hadc1     0x20000570       0x30 CMakeFiles/CCD_Car.elf.dir/Src/adc.c.obj
                0x20000570                hadc1
 .bss.Server_pid
                0x200005a0       0x24 CMakeFiles/CCD_Car.elf.dir/Src/main.c.obj
                0x200005a0                Server_pid
 .bss.Server_PID_out
                0x200005c4        0x4 CMakeFiles/CCD_Car.elf.dir/Src/tim.c.obj
                0x200005c4                Server_PID_out
 .bss.cnt.0     0x200005c8        0x4 CMakeFiles/CCD_Car.elf.dir/Src/tim.c.obj
 .bss.htim3     0x200005cc       0x48 CMakeFiles/CCD_Car.elf.dir/Src/tim.c.obj
                0x200005cc                htim3
 .bss.htim4     0x20000614       0x48 CMakeFiles/CCD_Car.elf.dir/Src/tim.c.obj
                0x20000614                htim4
 .bss.huart1    0x2000065c       0x48 CMakeFiles/CCD_Car.elf.dir/Src/usart.c.obj
                0x2000065c                huart1
 .bss.huart2    0x200006a4       0x48 CMakeFiles/CCD_Car.elf.dir/Src/usart.c.obj
                0x200006a4                huart2
 .bss.__lock___atexit_recursive_mutex
                0x200006ec        0x1 d:/clion/tools/gcc-arm-none-eabi-10.3-2021.10-win32/gcc-arm-none-eabi-10.3-2021.10/bin/../lib/gcc/arm-none-eabi/10.3.1/../../../../arm-none-eabi/lib/thumb/v7-m/nofp\libc.a(lib_a-lock.o)
                0x200006ec                __lock___atexit_recursive_mutex
 *(COMMON)
                0x200006f0                . = ALIGN (0x4)
 *fill*         0x200006ed        0x3 
                0x200006f0                _ebss = .
                0x200006f0                __bss_end__ = _ebss

._user_heap_stack
                0x200006f0      0x600 load address 0x080030b8
                0x200006f0                . = ALIGN (0x8)
                [!provide]                PROVIDE (end = .)
                0x200006f0                PROVIDE (_end = .)
                0x200008f0                . = (. + _Min_Heap_Size)
 *fill*         0x200006f0      0x200 
                0x20000cf0                . = (. + _Min_Stack_Size)
 *fill*         0x200008f0      0x400 
                0x20000cf0                . = ALIGN (0x8)

/DISCARD/
 libc.a(*)
 libm.a(*)
 libgcc.a(*)

.ARM.attributes
                0x00000000       0x29
 *(.ARM.attributes)
 .ARM.attributes
                0x00000000       0x1d d:/clion/tools/gcc-arm-none-eabi-10.3-2021.10-win32/gcc-arm-none-eabi-10.3-2021.10/bin/../lib/gcc/arm-none-eabi/10.3.1/thumb/v7-m/nofp/crti.o
 .ARM.attributes
                0x0000001d       0x2d d:/clion/tools/gcc-arm-none-eabi-10.3-2021.10-win32/gcc-arm-none-eabi-10.3-2021.10/bin/../lib/gcc/arm-none-eabi/10.3.1/thumb/v7-m/nofp/crtbegin.o
 .ARM.attributes
                0x0000004a       0x29 CMakeFiles/CCD_Car.elf.dir/Drivers/STM32F1xx_HAL_Driver/Src/stm32f1xx_hal.c.obj
 .ARM.attributes
                0x00000073       0x29 CMakeFiles/CCD_Car.elf.dir/Drivers/STM32F1xx_HAL_Driver/Src/stm32f1xx_hal_adc.c.obj
 .ARM.attributes
                0x0000009c       0x29 CMakeFiles/CCD_Car.elf.dir/Drivers/STM32F1xx_HAL_Driver/Src/stm32f1xx_hal_cortex.c.obj
 .ARM.attributes
                0x000000c5       0x29 CMakeFiles/CCD_Car.elf.dir/Drivers/STM32F1xx_HAL_Driver/Src/stm32f1xx_hal_gpio.c.obj
 .ARM.attributes
                0x000000ee       0x29 CMakeFiles/CCD_Car.elf.dir/Drivers/STM32F1xx_HAL_Driver/Src/stm32f1xx_hal_rcc.c.obj
 .ARM.attributes
                0x00000117       0x29 CMakeFiles/CCD_Car.elf.dir/Drivers/STM32F1xx_HAL_Driver/Src/stm32f1xx_hal_rcc_ex.c.obj
 .ARM.attributes
                0x00000140       0x29 CMakeFiles/CCD_Car.elf.dir/Drivers/STM32F1xx_HAL_Driver/Src/stm32f1xx_hal_tim.c.obj
 .ARM.attributes
                0x00000169       0x29 CMakeFiles/CCD_Car.elf.dir/Drivers/STM32F1xx_HAL_Driver/Src/stm32f1xx_hal_tim_ex.c.obj
 .ARM.attributes
                0x00000192       0x29 CMakeFiles/CCD_Car.elf.dir/Drivers/STM32F1xx_HAL_Driver/Src/stm32f1xx_hal_uart.c.obj
 .ARM.attributes
                0x000001bb       0x29 CMakeFiles/CCD_Car.elf.dir/Src/CCD.c.obj
 .ARM.attributes
                0x000001e4       0x29 CMakeFiles/CCD_Car.elf.dir/Src/Motor.c.obj
 .ARM.attributes
                0x0000020d       0x29 CMakeFiles/CCD_Car.elf.dir/Src/PID.c.obj
 .ARM.attributes
                0x00000236       0x29 CMakeFiles/CCD_Car.elf.dir/Src/adc.c.obj
 .ARM.attributes
                0x0000025f       0x29 CMakeFiles/CCD_Car.elf.dir/Src/gpio.c.obj
 .ARM.attributes
                0x00000288       0x29 CMakeFiles/CCD_Car.elf.dir/Src/main.c.obj
 .ARM.attributes
                0x000002b1       0x29 CMakeFiles/CCD_Car.elf.dir/Src/stm32f1xx_hal_msp.c.obj
 .ARM.attributes
                0x000002da       0x29 CMakeFiles/CCD_Car.elf.dir/Src/stm32f1xx_it.c.obj
 .ARM.attributes
                0x00000303       0x29 CMakeFiles/CCD_Car.elf.dir/Src/system_stm32f1xx.c.obj
 .ARM.attributes
                0x0000032c       0x29 CMakeFiles/CCD_Car.elf.dir/Src/tim.c.obj
 .ARM.attributes
                0x00000355       0x29 CMakeFiles/CCD_Car.elf.dir/Src/usart.c.obj
 .ARM.attributes
                0x0000037e       0x21 CMakeFiles/CCD_Car.elf.dir/Startup/startup_stm32f103c8tx.s.obj
 .ARM.attributes
                0x0000039f       0x1d d:/clion/tools/gcc-arm-none-eabi-10.3-2021.10-win32/gcc-arm-none-eabi-10.3-2021.10/bin/../lib/gcc/arm-none-eabi/10.3.1/thumb/v7-m/nofp\libgcc.a(_arm_mulsf3.o)
 .ARM.attributes
                0x000003bc       0x1d d:/clion/tools/gcc-arm-none-eabi-10.3-2021.10-win32/gcc-arm-none-eabi-10.3-2021.10/bin/../lib/gcc/arm-none-eabi/10.3.1/thumb/v7-m/nofp\libgcc.a(_arm_addsubsf3.o)
 .ARM.attributes
                0x000003d9       0x1d d:/clion/tools/gcc-arm-none-eabi-10.3-2021.10-win32/gcc-arm-none-eabi-10.3-2021.10/bin/../lib/gcc/arm-none-eabi/10.3.1/thumb/v7-m/nofp\libgcc.a(_arm_cmpsf2.o)
 .ARM.attributes
                0x000003f6       0x1d d:/clion/tools/gcc-arm-none-eabi-10.3-2021.10-win32/gcc-arm-none-eabi-10.3-2021.10/bin/../lib/gcc/arm-none-eabi/10.3.1/thumb/v7-m/nofp\libgcc.a(_arm_fixunssfsi.o)
 .ARM.attributes
                0x00000413       0x2d d:/clion/tools/gcc-arm-none-eabi-10.3-2021.10-win32/gcc-arm-none-eabi-10.3-2021.10/bin/../lib/gcc/arm-none-eabi/10.3.1/../../../../arm-none-eabi/lib/thumb/v7-m/nofp\libc.a(lib_a-impure.o)
 .ARM.attributes
                0x00000440       0x2d d:/clion/tools/gcc-arm-none-eabi-10.3-2021.10-win32/gcc-arm-none-eabi-10.3-2021.10/bin/../lib/gcc/arm-none-eabi/10.3.1/../../../../arm-none-eabi/lib/thumb/v7-m/nofp\libc.a(lib_a-init.o)
 .ARM.attributes
                0x0000046d       0x2d d:/clion/tools/gcc-arm-none-eabi-10.3-2021.10-win32/gcc-arm-none-eabi-10.3-2021.10/bin/../lib/gcc/arm-none-eabi/10.3.1/../../../../arm-none-eabi/lib/thumb/v7-m/nofp\libc.a(lib_a-__call_atexit.o)
 .ARM.attributes
                0x0000049a       0x2d d:/clion/tools/gcc-arm-none-eabi-10.3-2021.10-win32/gcc-arm-none-eabi-10.3-2021.10/bin/../lib/gcc/arm-none-eabi/10.3.1/../../../../arm-none-eabi/lib/thumb/v7-m/nofp\libc.a(lib_a-atexit.o)
 .ARM.attributes
                0x000004c7       0x2d d:/clion/tools/gcc-arm-none-eabi-10.3-2021.10-win32/gcc-arm-none-eabi-10.3-2021.10/bin/../lib/gcc/arm-none-eabi/10.3.1/../../../../arm-none-eabi/lib/thumb/v7-m/nofp\libc.a(lib_a-fini.o)
 .ARM.attributes
                0x000004f4       0x2d d:/clion/tools/gcc-arm-none-eabi-10.3-2021.10-win32/gcc-arm-none-eabi-10.3-2021.10/bin/../lib/gcc/arm-none-eabi/10.3.1/../../../../arm-none-eabi/lib/thumb/v7-m/nofp\libc.a(lib_a-lock.o)
 .ARM.attributes
                0x00000521       0x2d d:/clion/tools/gcc-arm-none-eabi-10.3-2021.10-win32/gcc-arm-none-eabi-10.3-2021.10/bin/../lib/gcc/arm-none-eabi/10.3.1/../../../../arm-none-eabi/lib/thumb/v7-m/nofp\libc.a(lib_a-__atexit.o)
 .ARM.attributes
                0x0000054e       0x1d d:/clion/tools/gcc-arm-none-eabi-10.3-2021.10-win32/gcc-arm-none-eabi-10.3-2021.10/bin/../lib/gcc/arm-none-eabi/10.3.1/thumb/v7-m/nofp/crtn.o
OUTPUT(CCD_Car.elf elf32-littlearm)
LOAD linker stubs
LOAD d:/clion/tools/gcc-arm-none-eabi-10.3-2021.10-win32/gcc-arm-none-eabi-10.3-2021.10/bin/../lib/gcc/arm-none-eabi/10.3.1/../../../../arm-none-eabi/lib/thumb/v7-m/nofp\libc.a
LOAD d:/clion/tools/gcc-arm-none-eabi-10.3-2021.10-win32/gcc-arm-none-eabi-10.3-2021.10/bin/../lib/gcc/arm-none-eabi/10.3.1/../../../../arm-none-eabi/lib/thumb/v7-m/nofp\libm.a
LOAD d:/clion/tools/gcc-arm-none-eabi-10.3-2021.10-win32/gcc-arm-none-eabi-10.3-2021.10/bin/../lib/gcc/arm-none-eabi/10.3.1/thumb/v7-m/nofp\libgcc.a

.comment        0x00000000       0x49
 .comment       0x00000000       0x49 CMakeFiles/CCD_Car.elf.dir/Drivers/STM32F1xx_HAL_Driver/Src/stm32f1xx_hal.c.obj
                                 0x4a (size before relaxing)
 .comment       0x00000049       0x4a CMakeFiles/CCD_Car.elf.dir/Drivers/STM32F1xx_HAL_Driver/Src/stm32f1xx_hal_adc.c.obj
 .comment       0x00000049       0x4a CMakeFiles/CCD_Car.elf.dir/Drivers/STM32F1xx_HAL_Driver/Src/stm32f1xx_hal_cortex.c.obj
 .comment       0x00000049       0x4a CMakeFiles/CCD_Car.elf.dir/Drivers/STM32F1xx_HAL_Driver/Src/stm32f1xx_hal_gpio.c.obj
 .comment       0x00000049       0x4a CMakeFiles/CCD_Car.elf.dir/Drivers/STM32F1xx_HAL_Driver/Src/stm32f1xx_hal_rcc.c.obj
 .comment       0x00000049       0x4a CMakeFiles/CCD_Car.elf.dir/Drivers/STM32F1xx_HAL_Driver/Src/stm32f1xx_hal_rcc_ex.c.obj
 .comment       0x00000049       0x4a CMakeFiles/CCD_Car.elf.dir/Drivers/STM32F1xx_HAL_Driver/Src/stm32f1xx_hal_tim.c.obj
 .comment       0x00000049       0x4a CMakeFiles/CCD_Car.elf.dir/Drivers/STM32F1xx_HAL_Driver/Src/stm32f1xx_hal_tim_ex.c.obj
 .comment       0x00000049       0x4a CMakeFiles/CCD_Car.elf.dir/Drivers/STM32F1xx_HAL_Driver/Src/stm32f1xx_hal_uart.c.obj
 .comment       0x00000049       0x4a CMakeFiles/CCD_Car.elf.dir/Src/CCD.c.obj
 .comment       0x00000049       0x4a CMakeFiles/CCD_Car.elf.dir/Src/Motor.c.obj
 .comment       0x00000049       0x4a CMakeFiles/CCD_Car.elf.dir/Src/PID.c.obj
 .comment       0x00000049       0x4a CMakeFiles/CCD_Car.elf.dir/Src/adc.c.obj
 .comment       0x00000049       0x4a CMakeFiles/CCD_Car.elf.dir/Src/gpio.c.obj
 .comment       0x00000049       0x4a CMakeFiles/CCD_Car.elf.dir/Src/main.c.obj
 .comment       0x00000049       0x4a CMakeFiles/CCD_Car.elf.dir/Src/stm32f1xx_hal_msp.c.obj
 .comment       0x00000049       0x4a CMakeFiles/CCD_Car.elf.dir/Src/stm32f1xx_it.c.obj
 .comment       0x00000049       0x4a CMakeFiles/CCD_Car.elf.dir/Src/system_stm32f1xx.c.obj
 .comment       0x00000049       0x4a CMakeFiles/CCD_Car.elf.dir/Src/tim.c.obj
 .comment       0x00000049       0x4a CMakeFiles/CCD_Car.elf.dir/Src/usart.c.obj

.debug_frame    0x00000000      0x31c
 .debug_frame   0x00000000       0x24 d:/clion/tools/gcc-arm-none-eabi-10.3-2021.10-win32/gcc-arm-none-eabi-10.3-2021.10/bin/../lib/gcc/arm-none-eabi/10.3.1/thumb/v7-m/nofp\libgcc.a(_arm_mulsf3.o)
 .debug_frame   0x00000024       0x4c d:/clion/tools/gcc-arm-none-eabi-10.3-2021.10-win32/gcc-arm-none-eabi-10.3-2021.10/bin/../lib/gcc/arm-none-eabi/10.3.1/thumb/v7-m/nofp\libgcc.a(_arm_addsubsf3.o)
 .debug_frame   0x00000070       0xc8 d:/clion/tools/gcc-arm-none-eabi-10.3-2021.10-win32/gcc-arm-none-eabi-10.3-2021.10/bin/../lib/gcc/arm-none-eabi/10.3.1/thumb/v7-m/nofp\libgcc.a(_arm_cmpsf2.o)
 .debug_frame   0x00000138       0x24 d:/clion/tools/gcc-arm-none-eabi-10.3-2021.10-win32/gcc-arm-none-eabi-10.3-2021.10/bin/../lib/gcc/arm-none-eabi/10.3.1/thumb/v7-m/nofp\libgcc.a(_arm_fixunssfsi.o)
 .debug_frame   0x0000015c       0x2c d:/clion/tools/gcc-arm-none-eabi-10.3-2021.10-win32/gcc-arm-none-eabi-10.3-2021.10/bin/../lib/gcc/arm-none-eabi/10.3.1/../../../../arm-none-eabi/lib/thumb/v7-m/nofp\libc.a(lib_a-init.o)
 .debug_frame   0x00000188       0x5c d:/clion/tools/gcc-arm-none-eabi-10.3-2021.10-win32/gcc-arm-none-eabi-10.3-2021.10/bin/../lib/gcc/arm-none-eabi/10.3.1/../../../../arm-none-eabi/lib/thumb/v7-m/nofp\libc.a(lib_a-__call_atexit.o)
 .debug_frame   0x000001e4       0x20 d:/clion/tools/gcc-arm-none-eabi-10.3-2021.10-win32/gcc-arm-none-eabi-10.3-2021.10/bin/../lib/gcc/arm-none-eabi/10.3.1/../../../../arm-none-eabi/lib/thumb/v7-m/nofp\libc.a(lib_a-atexit.o)
 .debug_frame   0x00000204       0x34 d:/clion/tools/gcc-arm-none-eabi-10.3-2021.10-win32/gcc-arm-none-eabi-10.3-2021.10/bin/../lib/gcc/arm-none-eabi/10.3.1/../../../../arm-none-eabi/lib/thumb/v7-m/nofp\libc.a(lib_a-fini.o)
 .debug_frame   0x00000238       0xb0 d:/clion/tools/gcc-arm-none-eabi-10.3-2021.10-win32/gcc-arm-none-eabi-10.3-2021.10/bin/../lib/gcc/arm-none-eabi/10.3.1/../../../../arm-none-eabi/lib/thumb/v7-m/nofp\libc.a(lib_a-lock.o)
 .debug_frame   0x000002e8       0x34 d:/clion/tools/gcc-arm-none-eabi-10.3-2021.10-win32/gcc-arm-none-eabi-10.3-2021.10/bin/../lib/gcc/arm-none-eabi/10.3.1/../../../../arm-none-eabi/lib/thumb/v7-m/nofp\libc.a(lib_a-__atexit.o)
